2026-08-25 20:06:42 | src.util.logging_configurator | INFO     | main:28 - YOLO pipeline started | generate_dataset=False | download_dataset=True | train_yolo=True | eval_yolo=True
2026-08-25 20:06:42 | src.util.logging_configurator | INFO     | resolve:57 - Using torch device: cuda
2026-08-25 20:06:42 | src.util.logging_configurator | INFO     | resolve:58 - Using ONNX providers: ['CUDAExecutionProvider', 'CPUExecutionProvider']
2026-08-25 20:06:42 | src.util.logging_configurator | INFO     | generate:231 - Dataset generation skipped.
2026-08-25 20:06:42 | src.util.logging_configurator | INFO     | download_dataset:107 - Resolving Roboflow dataset | workspace=anouk-okkema | project=robosuite-pickplace-object-detection-synthetic | version=1
2026-08-25 20:06:43 | src.util.logging_configurator | INFO     | download_dataset:124 - Dataset not found locally, downloading | model=yolov8 -> C:\Users\anouk\Development\GitHub\dev-robosuite-pickplace-vision\data\PickPlace Vision Dataset-1
2026-08-25 20:07:13 | src.util.logging_configurator | INFO     | download_dataset:140 - Dataset download completed | path=C:\Users\anouk\Development\GitHub\dev-robosuite-pickplace-vision\data\PickPlace Vision Dataset-1
2026-08-25 20:07:13 | src.util.logging_configurator | INFO     | download_dataset:164 - Dataset ready | data_yaml=C:\Users\anouk\Development\GitHub\dev-robosuite-pickplace-vision\data\PickPlace Vision Dataset-1/data.yaml
2026-08-25 20:07:13 | src.util.logging_configurator | INFO     | __init__:66 - YOLOTrainer initialized | model=yolov8n.pt | epochs=100 | imgsz=640 | batch=16 | patience=30 | device=cuda
2026-08-25 20:07:17 | src.util.logging_configurator | INFO     | train:100 - Starting YOLO training...
2026-08-25 20:12:10 | src.util.logging_configurator | INFO     | on_train_epoch_end:282 - Logged training metrics | epoch=1
2026-08-25 20:12:24 | src.util.logging_configurator | INFO     | on_fit_epoch_end:343 - Logged validation metrics | epoch=1
2026-08-25 20:14:14 | src.util.logging_configurator | INFO     | on_train_epoch_end:282 - Logged training metrics | epoch=2
2026-08-25 20:14:25 | src.util.logging_configurator | INFO     | on_fit_epoch_end:343 - Logged validation metrics | epoch=2
2026-08-25 20:16:08 | src.util.logging_configurator | INFO     | on_train_epoch_end:282 - Logged training metrics | epoch=3
2026-08-25 20:16:18 | src.util.logging_configurator | INFO     | on_fit_epoch_end:343 - Logged validation metrics | epoch=3
2026-08-25 20:17:58 | src.util.logging_configurator | INFO     | on_train_epoch_end:282 - Logged training metrics | epoch=4
2026-08-25 20:18:09 | src.util.logging_configurator | INFO     | on_fit_epoch_end:343 - Logged validation metrics | epoch=4
2026-08-25 20:19:47 | src.util.logging_configurator | INFO     | on_train_epoch_end:282 - Logged training metrics | epoch=5
2026-08-25 20:19:57 | src.util.logging_configurator | INFO     | on_fit_epoch_end:343 - Logged validation metrics | epoch=5
2026-08-25 20:21:37 | src.util.logging_configurator | INFO     | on_train_epoch_end:282 - Logged training metrics | epoch=6
2026-08-25 20:21:47 | src.util.logging_configurator | INFO     | on_fit_epoch_end:343 - Logged validation metrics | epoch=6
2026-08-25 20:23:26 | src.util.logging_configurator | INFO     | on_train_epoch_end:282 - Logged training metrics | epoch=7
2026-08-25 20:23:36 | src.util.logging_configurator | INFO     | on_fit_epoch_end:343 - Logged validation metrics | epoch=7
2026-08-25 20:25:15 | src.util.logging_configurator | INFO     | on_train_epoch_end:282 - Logged training metrics | epoch=8
2026-08-25 20:25:25 | src.util.logging_configurator | INFO     | on_fit_epoch_end:343 - Logged validation metrics | epoch=8
2026-08-25 20:27:04 | src.util.logging_configurator | INFO     | on_train_epoch_end:282 - Logged training metrics | epoch=9
2026-08-25 20:27:14 | src.util.logging_configurator | INFO     | on_fit_epoch_end:343 - Logged validation metrics | epoch=9
2026-08-25 20:28:53 | src.util.logging_configurator | INFO     | on_train_epoch_end:282 - Logged training metrics | epoch=10
2026-08-25 20:29:03 | src.util.logging_configurator | INFO     | on_fit_epoch_end:343 - Logged validation metrics | epoch=10
2026-08-25 20:30:42 | src.util.logging_configurator | INFO     | on_train_epoch_end:282 - Logged training metrics | epoch=11
2026-08-25 20:30:52 | src.util.logging_configurator | INFO     | on_fit_epoch_end:343 - Logged validation metrics | epoch=11
2026-08-25 20:32:37 | src.util.logging_configurator | INFO     | on_train_epoch_end:282 - Logged training metrics | epoch=12
2026-08-25 20:32:48 | src.util.logging_configurator | INFO     | on_fit_epoch_end:343 - Logged validation metrics | epoch=12
2026-08-25 20:34:27 | src.util.logging_configurator | INFO     | on_train_epoch_end:282 - Logged training metrics | epoch=13
2026-08-25 20:34:36 | src.util.logging_configurator | INFO     | on_fit_epoch_end:343 - Logged validation metrics | epoch=13
2026-08-25 20:36:16 | src.util.logging_configurator | INFO     | on_train_epoch_end:282 - Logged training metrics | epoch=14
2026-08-25 20:36:26 | src.util.logging_configurator | INFO     | on_fit_epoch_end:343 - Logged validation metrics | epoch=14
2026-08-25 20:38:05 | src.util.logging_configurator | INFO     | on_train_epoch_end:282 - Logged training metrics | epoch=15
2026-08-25 20:38:15 | src.util.logging_configurator | INFO     | on_fit_epoch_end:343 - Logged validation metrics | epoch=15
2026-08-25 20:39:55 | src.util.logging_configurator | INFO     | on_train_epoch_end:282 - Logged training metrics | epoch=16
2026-08-25 20:40:05 | src.util.logging_configurator | INFO     | on_fit_epoch_end:343 - Logged validation metrics | epoch=16
2026-08-25 20:41:44 | src.util.logging_configurator | INFO     | on_train_epoch_end:282 - Logged training metrics | epoch=17
2026-08-25 20:41:54 | src.util.logging_configurator | INFO     | on_fit_epoch_end:343 - Logged validation metrics | epoch=17
2026-08-25 20:43:33 | src.util.logging_configurator | INFO     | on_train_epoch_end:282 - Logged training metrics | epoch=18
2026-08-25 20:43:43 | src.util.logging_configurator | INFO     | on_fit_epoch_end:343 - Logged validation metrics | epoch=18
2026-08-25 20:45:22 | src.util.logging_configurator | INFO     | on_train_epoch_end:282 - Logged training metrics | epoch=19
2026-08-25 20:45:32 | src.util.logging_configurator | INFO     | on_fit_epoch_end:343 - Logged validation metrics | epoch=19
2026-08-25 20:47:12 | src.util.logging_configurator | INFO     | on_train_epoch_end:282 - Logged training metrics | epoch=20
2026-08-25 20:47:21 | src.util.logging_configurator | INFO     | on_fit_epoch_end:343 - Logged validation metrics | epoch=20
2026-08-25 20:49:00 | src.util.logging_configurator | INFO     | on_train_epoch_end:282 - Logged training metrics | epoch=21
2026-08-25 20:49:11 | src.util.logging_configurator | INFO     | on_fit_epoch_end:343 - Logged validation metrics | epoch=21
2026-08-25 20:50:50 | src.util.logging_configurator | INFO     | on_train_epoch_end:282 - Logged training metrics | epoch=22
2026-08-25 20:51:01 | src.util.logging_configurator | INFO     | on_fit_epoch_end:343 - Logged validation metrics | epoch=22
2026-08-25 20:52:40 | src.util.logging_configurator | INFO     | on_train_epoch_end:282 - Logged training metrics | epoch=23
2026-08-25 20:52:50 | src.util.logging_configurator | INFO     | on_fit_epoch_end:343 - Logged validation metrics | epoch=23
2026-08-25 20:54:29 | src.util.logging_configurator | INFO     | on_train_epoch_end:282 - Logged training metrics | epoch=24
2026-08-25 20:54:39 | src.util.logging_configurator | INFO     | on_fit_epoch_end:343 - Logged validation metrics | epoch=24
2026-08-25 20:56:19 | src.util.logging_configurator | INFO     | on_train_epoch_end:282 - Logged training metrics | epoch=25
2026-08-25 20:56:28 | src.util.logging_configurator | INFO     | on_fit_epoch_end:343 - Logged validation metrics | epoch=25
2026-08-25 20:58:08 | src.util.logging_configurator | INFO     | on_train_epoch_end:282 - Logged training metrics | epoch=26
2026-08-25 20:58:18 | src.util.logging_configurator | INFO     | on_fit_epoch_end:343 - Logged validation metrics | epoch=26
2026-08-25 20:59:58 | src.util.logging_configurator | INFO     | on_train_epoch_end:282 - Logged training metrics | epoch=27
2026-08-25 21:00:08 | src.util.logging_configurator | INFO     | on_fit_epoch_end:343 - Logged validation metrics | epoch=27
2026-08-25 21:01:48 | src.util.logging_configurator | INFO     | on_train_epoch_end:282 - Logged training metrics | epoch=28
2026-08-25 21:01:58 | src.util.logging_configurator | INFO     | on_fit_epoch_end:343 - Logged validation metrics | epoch=28
2026-08-25 21:03:37 | src.util.logging_configurator | INFO     | on_train_epoch_end:282 - Logged training metrics | epoch=29
2026-08-25 21:03:47 | src.util.logging_configurator | INFO     | on_fit_epoch_end:343 - Logged validation metrics | epoch=29
2026-08-25 21:05:27 | src.util.logging_configurator | INFO     | on_train_epoch_end:282 - Logged training metrics | epoch=30
2026-08-25 21:05:37 | src.util.logging_configurator | INFO     | on_fit_epoch_end:343 - Logged validation metrics | epoch=30
2026-08-25 21:07:16 | src.util.logging_configurator | INFO     | on_train_epoch_end:282 - Logged training metrics | epoch=31
2026-08-25 21:07:26 | src.util.logging_configurator | INFO     | on_fit_epoch_end:343 - Logged validation metrics | epoch=31
2026-08-25 21:09:06 | src.util.logging_configurator | INFO     | on_train_epoch_end:282 - Logged training metrics | epoch=32
2026-08-25 21:09:16 | src.util.logging_configurator | INFO     | on_fit_epoch_end:343 - Logged validation metrics | epoch=32
2026-08-25 21:10:55 | src.util.logging_configurator | INFO     | on_train_epoch_end:282 - Logged training metrics | epoch=33
2026-08-25 21:11:05 | src.util.logging_configurator | INFO     | on_fit_epoch_end:343 - Logged validation metrics | epoch=33
2026-08-25 21:12:44 | src.util.logging_configurator | INFO     | on_train_epoch_end:282 - Logged training metrics | epoch=34
2026-08-25 21:12:54 | src.util.logging_configurator | INFO     | on_fit_epoch_end:343 - Logged validation metrics | epoch=34
2026-08-25 21:14:33 | src.util.logging_configurator | INFO     | on_train_epoch_end:282 - Logged training metrics | epoch=35
2026-08-25 21:14:43 | src.util.logging_configurator | INFO     | on_fit_epoch_end:343 - Logged validation metrics | epoch=35
2026-08-25 21:16:23 | src.util.logging_configurator | INFO     | on_train_epoch_end:282 - Logged training metrics | epoch=36
2026-08-25 21:16:33 | src.util.logging_configurator | INFO     | on_fit_epoch_end:343 - Logged validation metrics | epoch=36
2026-08-25 21:18:12 | src.util.logging_configurator | INFO     | on_train_epoch_end:282 - Logged training metrics | epoch=37
2026-08-25 21:18:22 | src.util.logging_configurator | INFO     | on_fit_epoch_end:343 - Logged validation metrics | epoch=37
2026-08-25 21:20:01 | src.util.logging_configurator | INFO     | on_train_epoch_end:282 - Logged training metrics | epoch=38
2026-08-25 21:20:11 | src.util.logging_configurator | INFO     | on_fit_epoch_end:343 - Logged validation metrics | epoch=38
2026-08-25 21:21:50 | src.util.logging_configurator | INFO     | on_train_epoch_end:282 - Logged training metrics | epoch=39
2026-08-25 21:22:00 | src.util.logging_configurator | INFO     | on_fit_epoch_end:343 - Logged validation metrics | epoch=39
2026-08-25 21:23:39 | src.util.logging_configurator | INFO     | on_train_epoch_end:282 - Logged training metrics | epoch=40
2026-08-25 21:23:49 | src.util.logging_configurator | INFO     | on_fit_epoch_end:343 - Logged validation metrics | epoch=40
2026-08-25 21:25:28 | src.util.logging_configurator | INFO     | on_train_epoch_end:282 - Logged training metrics | epoch=41
2026-08-25 21:25:37 | src.util.logging_configurator | INFO     | on_fit_epoch_end:343 - Logged validation metrics | epoch=41
2026-08-25 21:27:17 | src.util.logging_configurator | INFO     | on_train_epoch_end:282 - Logged training metrics | epoch=42
2026-08-25 21:27:26 | src.util.logging_configurator | INFO     | on_fit_epoch_end:343 - Logged validation metrics | epoch=42
2026-08-25 21:29:05 | src.util.logging_configurator | INFO     | on_train_epoch_end:282 - Logged training metrics | epoch=43
2026-08-25 21:29:15 | src.util.logging_configurator | INFO     | on_fit_epoch_end:343 - Logged validation metrics | epoch=43
2026-08-25 21:30:54 | src.util.logging_configurator | INFO     | on_train_epoch_end:282 - Logged training metrics | epoch=44
2026-08-25 21:31:04 | src.util.logging_configurator | INFO     | on_fit_epoch_end:343 - Logged validation metrics | epoch=44
2026-08-25 21:32:44 | src.util.logging_configurator | INFO     | on_train_epoch_end:282 - Logged training metrics | epoch=45
2026-08-25 21:32:53 | src.util.logging_configurator | INFO     | on_fit_epoch_end:343 - Logged validation metrics | epoch=45
2026-08-25 21:34:33 | src.util.logging_configurator | INFO     | on_train_epoch_end:282 - Logged training metrics | epoch=46
2026-08-25 21:34:43 | src.util.logging_configurator | INFO     | on_fit_epoch_end:343 - Logged validation metrics | epoch=46
2026-08-25 21:36:21 | src.util.logging_configurator | INFO     | on_train_epoch_end:282 - Logged training metrics | epoch=47
2026-08-25 21:36:31 | src.util.logging_configurator | INFO     | on_fit_epoch_end:343 - Logged validation metrics | epoch=47
2026-08-25 21:38:10 | src.util.logging_configurator | INFO     | on_train_epoch_end:282 - Logged training metrics | epoch=48
2026-08-25 21:38:20 | src.util.logging_configurator | INFO     | on_fit_epoch_end:343 - Logged validation metrics | epoch=48
2026-08-25 21:39:59 | src.util.logging_configurator | INFO     | on_train_epoch_end:282 - Logged training metrics | epoch=49
2026-08-25 21:40:09 | src.util.logging_configurator | INFO     | on_fit_epoch_end:343 - Logged validation metrics | epoch=49
2026-08-25 21:41:48 | src.util.logging_configurator | INFO     | on_train_epoch_end:282 - Logged training metrics | epoch=50
2026-08-25 21:41:58 | src.util.logging_configurator | INFO     | on_fit_epoch_end:343 - Logged validation metrics | epoch=50
2026-08-25 21:43:37 | src.util.logging_configurator | INFO     | on_train_epoch_end:282 - Logged training metrics | epoch=51
2026-08-25 21:43:47 | src.util.logging_configurator | INFO     | on_fit_epoch_end:343 - Logged validation metrics | epoch=51
2026-08-25 21:45:26 | src.util.logging_configurator | INFO     | on_train_epoch_end:282 - Logged training metrics | epoch=52
2026-08-25 21:45:36 | src.util.logging_configurator | INFO     | on_fit_epoch_end:343 - Logged validation metrics | epoch=52
2026-08-25 21:47:15 | src.util.logging_configurator | INFO     | on_train_epoch_end:282 - Logged training metrics | epoch=53
2026-08-25 21:47:25 | src.util.logging_configurator | INFO     | on_fit_epoch_end:343 - Logged validation metrics | epoch=53
2026-08-25 21:49:04 | src.util.logging_configurator | INFO     | on_train_epoch_end:282 - Logged training metrics | epoch=54
2026-08-25 21:49:15 | src.util.logging_configurator | INFO     | on_fit_epoch_end:343 - Logged validation metrics | epoch=54
2026-08-25 21:50:54 | src.util.logging_configurator | INFO     | on_train_epoch_end:282 - Logged training metrics | epoch=55
2026-08-25 21:51:04 | src.util.logging_configurator | INFO     | on_fit_epoch_end:343 - Logged validation metrics | epoch=55
2026-08-25 21:52:43 | src.util.logging_configurator | INFO     | on_train_epoch_end:282 - Logged training metrics | epoch=56
2026-08-25 21:52:53 | src.util.logging_configurator | INFO     | on_fit_epoch_end:343 - Logged validation metrics | epoch=56
2026-08-25 21:54:32 | src.util.logging_configurator | INFO     | on_train_epoch_end:282 - Logged training metrics | epoch=57
2026-08-25 21:54:42 | src.util.logging_configurator | INFO     | on_fit_epoch_end:343 - Logged validation metrics | epoch=57
2026-08-25 21:56:21 | src.util.logging_configurator | INFO     | on_train_epoch_end:282 - Logged training metrics | epoch=58
2026-08-25 21:56:30 | src.util.logging_configurator | INFO     | on_fit_epoch_end:343 - Logged validation metrics | epoch=58
2026-08-25 21:58:09 | src.util.logging_configurator | INFO     | on_train_epoch_end:282 - Logged training metrics | epoch=59
2026-08-25 21:58:19 | src.util.logging_configurator | INFO     | on_fit_epoch_end:343 - Logged validation metrics | epoch=59
2026-08-25 21:59:58 | src.util.logging_configurator | INFO     | on_train_epoch_end:282 - Logged training metrics | epoch=60
2026-08-25 22:00:08 | src.util.logging_configurator | INFO     | on_fit_epoch_end:343 - Logged validation metrics | epoch=60
2026-08-25 22:01:47 | src.util.logging_configurator | INFO     | on_train_epoch_end:282 - Logged training metrics | epoch=61
2026-08-25 22:01:57 | src.util.logging_configurator | INFO     | on_fit_epoch_end:343 - Logged validation metrics | epoch=61
2026-08-25 22:03:36 | src.util.logging_configurator | INFO     | on_train_epoch_end:282 - Logged training metrics | epoch=62
2026-08-25 22:03:46 | src.util.logging_configurator | INFO     | on_fit_epoch_end:343 - Logged validation metrics | epoch=62
2026-08-25 22:05:25 | src.util.logging_configurator | INFO     | on_train_epoch_end:282 - Logged training metrics | epoch=63
2026-08-25 22:05:35 | src.util.logging_configurator | INFO     | on_fit_epoch_end:343 - Logged validation metrics | epoch=63
2026-08-25 22:07:15 | src.util.logging_configurator | INFO     | on_train_epoch_end:282 - Logged training metrics | epoch=64
2026-08-25 22:07:25 | src.util.logging_configurator | INFO     | on_fit_epoch_end:343 - Logged validation metrics | epoch=64
2026-08-25 22:09:04 | src.util.logging_configurator | INFO     | on_train_epoch_end:282 - Logged training metrics | epoch=65
2026-08-25 22:09:14 | src.util.logging_configurator | INFO     | on_fit_epoch_end:343 - Logged validation metrics | epoch=65
2026-08-25 22:10:53 | src.util.logging_configurator | INFO     | on_train_epoch_end:282 - Logged training metrics | epoch=66
2026-08-25 22:11:03 | src.util.logging_configurator | INFO     | on_fit_epoch_end:343 - Logged validation metrics | epoch=66
2026-08-25 22:12:42 | src.util.logging_configurator | INFO     | on_train_epoch_end:282 - Logged training metrics | epoch=67
2026-08-25 22:12:52 | src.util.logging_configurator | INFO     | on_fit_epoch_end:343 - Logged validation metrics | epoch=67
2026-08-25 22:14:31 | src.util.logging_configurator | INFO     | on_train_epoch_end:282 - Logged training metrics | epoch=68
2026-08-25 22:14:41 | src.util.logging_configurator | INFO     | on_fit_epoch_end:343 - Logged validation metrics | epoch=68
2026-08-25 22:16:21 | src.util.logging_configurator | INFO     | on_train_epoch_end:282 - Logged training metrics | epoch=69
2026-08-25 22:16:31 | src.util.logging_configurator | INFO     | on_fit_epoch_end:343 - Logged validation metrics | epoch=69
2026-08-25 22:18:10 | src.util.logging_configurator | INFO     | on_train_epoch_end:282 - Logged training metrics | epoch=70
2026-08-25 22:18:20 | src.util.logging_configurator | INFO     | on_fit_epoch_end:343 - Logged validation metrics | epoch=70
2026-08-25 22:19:58 | src.util.logging_configurator | INFO     | on_train_epoch_end:282 - Logged training metrics | epoch=71
2026-08-25 22:20:09 | src.util.logging_configurator | INFO     | on_fit_epoch_end:343 - Logged validation metrics | epoch=71
2026-08-25 22:21:48 | src.util.logging_configurator | INFO     | on_train_epoch_end:282 - Logged training metrics | epoch=72
2026-08-25 22:21:58 | src.util.logging_configurator | INFO     | on_fit_epoch_end:343 - Logged validation metrics | epoch=72
2026-08-25 22:23:37 | src.util.logging_configurator | INFO     | on_train_epoch_end:282 - Logged training metrics | epoch=73
2026-08-25 22:23:47 | src.util.logging_configurator | INFO     | on_fit_epoch_end:343 - Logged validation metrics | epoch=73
2026-08-25 22:25:26 | src.util.logging_configurator | INFO     | on_train_epoch_end:282 - Logged training metrics | epoch=74
2026-08-25 22:25:36 | src.util.logging_configurator | INFO     | on_fit_epoch_end:343 - Logged validation metrics | epoch=74
2026-08-25 22:27:15 | src.util.logging_configurator | INFO     | on_train_epoch_end:282 - Logged training metrics | epoch=75
2026-08-25 22:27:25 | src.util.logging_configurator | INFO     | on_fit_epoch_end:343 - Logged validation metrics | epoch=75
2026-08-25 22:29:04 | src.util.logging_configurator | INFO     | on_train_epoch_end:282 - Logged training metrics | epoch=76
2026-08-25 22:29:14 | src.util.logging_configurator | INFO     | on_fit_epoch_end:343 - Logged validation metrics | epoch=76
2026-08-25 22:30:54 | src.util.logging_configurator | INFO     | on_train_epoch_end:282 - Logged training metrics | epoch=77
2026-08-25 22:31:04 | src.util.logging_configurator | INFO     | on_fit_epoch_end:343 - Logged validation metrics | epoch=77
2026-08-25 22:32:43 | src.util.logging_configurator | INFO     | on_train_epoch_end:282 - Logged training metrics | epoch=78
2026-08-25 22:32:53 | src.util.logging_configurator | INFO     | on_fit_epoch_end:343 - Logged validation metrics | epoch=78
2026-08-25 22:34:33 | src.util.logging_configurator | INFO     | on_train_epoch_end:282 - Logged training metrics | epoch=79
2026-08-25 22:34:43 | src.util.logging_configurator | INFO     | on_fit_epoch_end:343 - Logged validation metrics | epoch=79
2026-08-25 22:36:23 | src.util.logging_configurator | INFO     | on_train_epoch_end:282 - Logged training metrics | epoch=80
2026-08-25 22:36:33 | src.util.logging_configurator | INFO     | on_fit_epoch_end:343 - Logged validation metrics | epoch=80
2026-08-25 22:38:12 | src.util.logging_configurator | INFO     | on_train_epoch_end:282 - Logged training metrics | epoch=81
2026-08-25 22:38:22 | src.util.logging_configurator | INFO     | on_fit_epoch_end:343 - Logged validation metrics | epoch=81
2026-08-25 22:38:36 | src.util.logging_configurator | INFO     | on_fit_epoch_end:343 - Logged validation metrics | epoch=81
2026-08-25 22:38:37 | src.util.logging_configurator | INFO     | on_train_end:375 - Logged best model artifact.
2026-08-25 22:38:41 | src.util.logging_configurator | INFO     | train:119 - Training completed successfully | save_dir=C:\Users\anouk\Development\GitHub\dev-robosuite-pickplace-vision\runs\detect\robosuite-pickplace-vision\yolov8n-baseline-v1-train
2026-08-25 22:38:41 | src.util.logging_configurator | INFO     | __init__:66 - YOLOEvaluator initialized | checkpoint=C:\Users\anouk\Development\GitHub\dev-robosuite-pickplace-vision\runs\detect\robosuite-pickplace-vision\yolov8n-baseline-v1-train\weights\best.pt
2026-08-25 22:38:41 | src.util.logging_configurator | INFO     | evaluate:104 - Starting YOLO evaluation...
2026-08-25 22:39:57 | src.util.logging_configurator | INFO     | evaluate:121 - Evaluation completed | mAP50=0.9950 | mAP50-95=0.9916 | precision=0.9984 | recall=0.9969
2026-08-25 22:39:57 | src.util.logging_configurator | INFO     | evaluate:141 - Exporting YOLO model to ONNX | mAP50-95=0.9916 >= threshold=0.8000
2026-08-25 22:40:00 | src.util.logging_configurator | INFO     | evaluate:161 - ONNX export completed | path=C:\Users\anouk\Development\GitHub\dev-robosuite-pickplace-vision\runs\detect\robosuite-pickplace-vision\yolov8n-baseline-v1-train\weights\yolo_detector.onnx
2026-08-25 22:40:00 | src.util.logging_configurator | INFO     | log_test_results:434 - Logged test metrics and media.
2026-08-25 22:40:02 | src.util.logging_configurator | INFO     | main:134 - Pipeline completed successfully.
